<html>
<body>
<pre>
<h1>µVision Build Log</h1>
<h2>Project:</h2>
Y:\PROJ\CODE\STM32\F4\UAC4_24A\USBAudio1955.uvproj
Project File Date:  09/29/2023

<h2>Output:</h2>
Build target 'FS-1955'
compiling usbd_usr.c...
linking...
Program Size: Code=13028 RO-data=428 RW-data=424 ZI-data=19704  
FromELF: creating hex file...
".\OBJ\USBAudio.axf" - 0 Error(s), 0 Warning(s).
Load "Y:\\PROJ\\CODE\\STM32\\F4\\UAC4_24A\\OBJ\\USBAudio.axf" 
* JLink Info: Device "UNSPECIFIED" selected (0 KB flash, 0 KB RAM).
Set JLink Project File to "Y:\PROJ\CODE\STM32\F4\UAC4_24A\JLinkSettings.ini"
* JLink Info: Device "UNSPECIFIED" selected (0 KB flash, 0 KB RAM).
 
JLink info:
------------
DLL: V4.80g, compiled Feb 13 2014 20:50:02
Firmware: J-Link J-Link V21 compiled Oct  7 2016 13:13:58
Hardware: V1.00
S/N : 772197141 
 
* JLink Info: Found SWD-DP with ID 0x2BA01477
* JLink Info: Found Cortex-M4 r0p1, Little endian.
* JLink Info: FPUnit: 6 code (BP) slots and 2 literal slots
* JLink Info: TPIU fitted.
* JLink Info: ETM fitted.
ROMTableAddr = 0xE00FF003
 
Target info:
------------
Device: STM32F401RE
VTarget = 3.300V
State of Pins: 
TCK: 32, TDI: 128, TDO: 64, TMS: 0, TRES: 1, TRST: 255
Hardware-Breakpoints: 6
Software-Breakpoints: 8192
Watchpoints:          4
JTAG speed: 2000 kHz
 
Erase Done.
Programming Done.
Verify OK.
Application running ...
</pre>
</body>
</html>
